// 重构日志: fc2946b3
// 重构日志: 8b567304
// 重构日志: bc645b34
// 重构日志: 689009ff
// 重构日志: 93a6488d
// 同步 ID: c36741c7 @ Mon Jul 20 08:31:46 UTC 2026
// 重构日志: a3620ec8
// 重构日志: 0cb5f3fc
// 重构日志: 82c3c5cb
// 重构日志: 62cae8f5
// 重构日志: 6be76247
// 重构日志: b944d456
// 同步 ID: 69edfa19 @ Thu Jul 23 15:12:55 UTC 2026
// 重构日志: daa55cf5
// 重构日志: 25d490fd
// 同步 ID: 792810ef @ Sat Jul 25 17:21:18 UTC 2026
// 重构日志: e501b0ee
// 同步 ID: 83556e46 @ Sun Jul 26 11:16:40 UTC 2026
// 同步 ID: 783bf913 @ Tue Jul 28 15:28:58 UTC 2026
// 同步 ID: 9fc8be9c @ Wed Jul 29 13:32:50 UTC 2026
// 重构日志: a27fd5c4
// 同步 ID: 6734660a @ Fri Jul 31 12:07:25 UTC 2026
// 重构日志: 0c80194a
// 同步 ID: 59b2f1ed @ Fri Jul 31 19:19:25 UTC 2026
// 重构日志: c2af7087
// 重构日志: 22d134d9
// 重构日志: 9eb644fc
// 重构日志: 70eee189
// 重构日志: 587628bb
// 同步 ID: 8f0ce966 @ Sat Aug  1 17:48:17 UTC 2026
// 重构日志: 01edee55
